// Jest Snapshot v1, https://goo.gl/fbAQLP

exports[`LiquidityMath #addDelta gas add 1`] = `559`;

exports[`LiquidityMath #addDelta gas sub 1`] = `572`;
