// Jest Snapshot v1, https://goo.gl/fbAQLP

exports[`SqrtPriceMath #getAmount0Delta gas cost for amount0 where roundUp = true 1`] = `2135`;

exports[`SqrtPriceMath #getAmount0Delta gas cost for amount0 where roundUp = true 2`] = `1730`;

exports[`SqrtPriceMath #getAmount1Delta gas cost for amount0 where roundUp = false 1`] = `1730`;

exports[`SqrtPriceMath #getAmount1Delta gas cost for amount0 where roundUp = true 1`] = `2135`;

exports[`SqrtPriceMath #getNextSqrtPriceFromInput zeroForOne = false gas 1`] = `1748`;

exports[`SqrtPriceMath #getNextSqrtPriceFromInput zeroForOne = true gas 1`] = `3044`;

exports[`SqrtPriceMath #getNextSqrtPriceFromOutput zeroForOne = false gas 1`] = `3220`;

exports[`SqrtPriceMath #getNextSqrtPriceFromOutput zeroForOne = true gas 1`] = `1515`;
