// Jest Snapshot v1, https://goo.gl/fbAQLP

exports[`PancakeV3Pool gas tests fee is off #burn above current price burn entire position after some time passes 1`] = `94995`;

exports[`PancakeV3Pool gas tests fee is off #burn above current price burn when only position using ticks 1`] = `94995`;

exports[`PancakeV3Pool gas tests fee is off #burn above current price entire position burn but other positions are using the ticks 1`] = `94277`;

exports[`PancakeV3Pool gas tests fee is off #burn above current price partial position burn 1`] = `99077`;

exports[`PancakeV3Pool gas tests fee is off #burn around current price burn entire position after some time passes 1`] = `114312`;

exports[`PancakeV3Pool gas tests fee is off #burn around current price burn when only position using ticks 1`] = `107051`;

exports[`PancakeV3Pool gas tests fee is off #burn around current price entire position burn but other positions are using the ticks 1`] = `98947`;

exports[`PancakeV3Pool gas tests fee is off #burn around current price partial position burn 1`] = `103747`;

exports[`PancakeV3Pool gas tests fee is off #burn below current price burn entire position after some time passes 1`] = `104477`;

exports[`PancakeV3Pool gas tests fee is off #burn below current price burn when only position using ticks 1`] = `104477`;

exports[`PancakeV3Pool gas tests fee is off #burn below current price entire position burn but other positions are using the ticks 1`] = `94930`;

exports[`PancakeV3Pool gas tests fee is off #burn below current price partial position burn 1`] = `99730`;

exports[`PancakeV3Pool gas tests fee is off #collect close to worst case 1`] = `45712`;

exports[`PancakeV3Pool gas tests fee is off #increaseObservationCardinalityNext grow by 1 slot 1`] = `53046`;

exports[`PancakeV3Pool gas tests fee is off #increaseObservationCardinalityNext no op 1`] = `26628`;

exports[`PancakeV3Pool gas tests fee is off #mint above current price add to position after some time passes 1`] = `110333`;

exports[`PancakeV3Pool gas tests fee is off #mint above current price add to position existing 1`] = `110333`;

exports[`PancakeV3Pool gas tests fee is off #mint above current price new position mint first in range 1`] = `228995`;

exports[`PancakeV3Pool gas tests fee is off #mint above current price second position in same range 1`] = `127433`;

exports[`PancakeV3Pool gas tests fee is off #mint around current price add to position after some time passes 1`] = `148262`;

exports[`PancakeV3Pool gas tests fee is off #mint around current price add to position existing 1`] = `139185`;

exports[`PancakeV3Pool gas tests fee is off #mint around current price new position mint first in range 1`] = `329350`;

exports[`PancakeV3Pool gas tests fee is off #mint around current price second position in same range 1`] = `156285`;

exports[`PancakeV3Pool gas tests fee is off #mint below current price add to position after some time passes 1`] = `110937`;

exports[`PancakeV3Pool gas tests fee is off #mint below current price add to position existing 1`] = `110937`;

exports[`PancakeV3Pool gas tests fee is off #mint below current price new position mint first in range 1`] = `310651`;

exports[`PancakeV3Pool gas tests fee is off #mint below current price second position in same range 1`] = `128037`;

exports[`PancakeV3Pool gas tests fee is off #poke best case 1`] = `53866`;

exports[`PancakeV3Pool gas tests fee is off #snapshotCumulativesInside tick above 1`] = `31522`;

exports[`PancakeV3Pool gas tests fee is off #snapshotCumulativesInside tick below 1`] = `31484`;

exports[`PancakeV3Pool gas tests fee is off #snapshotCumulativesInside tick inside 1`] = `38860`;

exports[`PancakeV3Pool gas tests fee is off #swapExact0For1 first swap in block moves tick, no initialized crossings 1`] = `123481`;

exports[`PancakeV3Pool gas tests fee is off #swapExact0For1 first swap in block with no tick movement 1`] = `108113`;

exports[`PancakeV3Pool gas tests fee is off #swapExact0For1 first swap in block, large swap crossing a single initialized tick 1`] = `151481`;

exports[`PancakeV3Pool gas tests fee is off #swapExact0For1 first swap in block, large swap crossing several initialized ticks 1`] = `212583`;

exports[`PancakeV3Pool gas tests fee is off #swapExact0For1 first swap in block, large swap, no initialized crossings 1`] = `137390`;

exports[`PancakeV3Pool gas tests fee is off #swapExact0For1 large swap crossing several initialized ticks after some time passes 1`] = `212583`;

exports[`PancakeV3Pool gas tests fee is off #swapExact0For1 large swap crossing several initialized ticks second time after some time passes 1`] = `231783`;

exports[`PancakeV3Pool gas tests fee is off #swapExact0For1 second swap in block moves tick, no initialized crossings 1`] = `123481`;

exports[`PancakeV3Pool gas tests fee is off #swapExact0For1 second swap in block with no tick movement 1`] = `108213`;

exports[`PancakeV3Pool gas tests fee is off #swapExact0For1 second swap in block, large swap crossing a single initialized tick 1`] = `138458`;

exports[`PancakeV3Pool gas tests fee is off #swapExact0For1 second swap in block, large swap crossing several initialized ticks 1`] = `200532`;

exports[`PancakeV3Pool gas tests fee is on #burn above current price burn entire position after some time passes 1`] = `94995`;

exports[`PancakeV3Pool gas tests fee is on #burn above current price burn when only position using ticks 1`] = `94995`;

exports[`PancakeV3Pool gas tests fee is on #burn above current price entire position burn but other positions are using the ticks 1`] = `94277`;

exports[`PancakeV3Pool gas tests fee is on #burn above current price partial position burn 1`] = `99077`;

exports[`PancakeV3Pool gas tests fee is on #burn around current price burn entire position after some time passes 1`] = `114312`;

exports[`PancakeV3Pool gas tests fee is on #burn around current price burn when only position using ticks 1`] = `107051`;

exports[`PancakeV3Pool gas tests fee is on #burn around current price entire position burn but other positions are using the ticks 1`] = `98947`;

exports[`PancakeV3Pool gas tests fee is on #burn around current price partial position burn 1`] = `103747`;

exports[`PancakeV3Pool gas tests fee is on #burn below current price burn entire position after some time passes 1`] = `104477`;

exports[`PancakeV3Pool gas tests fee is on #burn below current price burn when only position using ticks 1`] = `104477`;

exports[`PancakeV3Pool gas tests fee is on #burn below current price entire position burn but other positions are using the ticks 1`] = `94930`;

exports[`PancakeV3Pool gas tests fee is on #burn below current price partial position burn 1`] = `99730`;

exports[`PancakeV3Pool gas tests fee is on #collect close to worst case 1`] = `45712`;

exports[`PancakeV3Pool gas tests fee is on #increaseObservationCardinalityNext grow by 1 slot 1`] = `53046`;

exports[`PancakeV3Pool gas tests fee is on #increaseObservationCardinalityNext no op 1`] = `26628`;

exports[`PancakeV3Pool gas tests fee is on #mint above current price add to position after some time passes 1`] = `110333`;

exports[`PancakeV3Pool gas tests fee is on #mint above current price add to position existing 1`] = `110333`;

exports[`PancakeV3Pool gas tests fee is on #mint above current price new position mint first in range 1`] = `228995`;

exports[`PancakeV3Pool gas tests fee is on #mint above current price second position in same range 1`] = `127433`;

exports[`PancakeV3Pool gas tests fee is on #mint around current price add to position after some time passes 1`] = `148262`;

exports[`PancakeV3Pool gas tests fee is on #mint around current price add to position existing 1`] = `139185`;

exports[`PancakeV3Pool gas tests fee is on #mint around current price new position mint first in range 1`] = `329350`;

exports[`PancakeV3Pool gas tests fee is on #mint around current price second position in same range 1`] = `156285`;

exports[`PancakeV3Pool gas tests fee is on #mint below current price add to position after some time passes 1`] = `110937`;

exports[`PancakeV3Pool gas tests fee is on #mint below current price add to position existing 1`] = `110937`;

exports[`PancakeV3Pool gas tests fee is on #mint below current price new position mint first in range 1`] = `310651`;

exports[`PancakeV3Pool gas tests fee is on #mint below current price second position in same range 1`] = `128037`;

exports[`PancakeV3Pool gas tests fee is on #poke best case 1`] = `53866`;

exports[`PancakeV3Pool gas tests fee is on #snapshotCumulativesInside tick above 1`] = `31522`;

exports[`PancakeV3Pool gas tests fee is on #snapshotCumulativesInside tick below 1`] = `31484`;

exports[`PancakeV3Pool gas tests fee is on #snapshotCumulativesInside tick inside 1`] = `38860`;

exports[`PancakeV3Pool gas tests fee is on #swapExact0For1 first swap in block moves tick, no initialized crossings 1`] = `129099`;

exports[`PancakeV3Pool gas tests fee is on #swapExact0For1 first swap in block with no tick movement 1`] = `113455`;

exports[`PancakeV3Pool gas tests fee is on #swapExact0For1 first swap in block, large swap crossing a single initialized tick 1`] = `157375`;

exports[`PancakeV3Pool gas tests fee is on #swapExact0For1 first swap in block, large swap crossing several initialized ticks 1`] = `219305`;

exports[`PancakeV3Pool gas tests fee is on #swapExact0For1 first swap in block, large swap, no initialized crossings 1`] = `143560`;

exports[`PancakeV3Pool gas tests fee is on #swapExact0For1 large swap crossing several initialized ticks after some time passes 1`] = `219305`;

exports[`PancakeV3Pool gas tests fee is on #swapExact0For1 large swap crossing several initialized ticks second time after some time passes 1`] = `238505`;

exports[`PancakeV3Pool gas tests fee is on #swapExact0For1 second swap in block moves tick, no initialized crossings 1`] = `129099`;

exports[`PancakeV3Pool gas tests fee is on #swapExact0For1 second swap in block with no tick movement 1`] = `113555`;

exports[`PancakeV3Pool gas tests fee is on #swapExact0For1 second swap in block, large swap crossing a single initialized tick 1`] = `144076`;

exports[`PancakeV3Pool gas tests fee is on #swapExact0For1 second swap in block, large swap crossing several initialized ticks 1`] = `206978`;

exports[`SquadV3Pool gas tests fee is off #burn above current price burn entire position after some time passes 1`] = `115633`;

exports[`SquadV3Pool gas tests fee is off #burn above current price burn when only position using ticks 1`] = `115633`;

exports[`SquadV3Pool gas tests fee is off #burn above current price entire position burn but other positions are using the ticks 1`] = `115725`;

exports[`SquadV3Pool gas tests fee is off #burn above current price partial position burn 1`] = `120525`;

exports[`SquadV3Pool gas tests fee is off #burn around current price burn entire position after some time passes 1`] = `138526`;

exports[`SquadV3Pool gas tests fee is off #burn around current price burn when only position using ticks 1`] = `130096`;

exports[`SquadV3Pool gas tests fee is off #burn around current price entire position burn but other positions are using the ticks 1`] = `123404`;

exports[`SquadV3Pool gas tests fee is off #burn around current price partial position burn 1`] = `128204`;

exports[`SquadV3Pool gas tests fee is off #burn below current price burn entire position after some time passes 1`] = `124938`;

exports[`SquadV3Pool gas tests fee is off #burn below current price burn when only position using ticks 1`] = `124938`;

exports[`SquadV3Pool gas tests fee is off #burn below current price entire position burn but other positions are using the ticks 1`] = `116156`;

exports[`SquadV3Pool gas tests fee is off #burn below current price partial position burn 1`] = `120956`;

exports[`SquadV3Pool gas tests fee is off #collect close to worst case 1`] = `49156`;

exports[`SquadV3Pool gas tests fee is off #increaseObservationCardinalityNext grow by 1 slot 1`] = `54789`;

exports[`SquadV3Pool gas tests fee is off #increaseObservationCardinalityNext no op 1`] = `28128`;

exports[`SquadV3Pool gas tests fee is off #mint above current price add to position after some time passes 1`] = `135138`;

exports[`SquadV3Pool gas tests fee is off #mint above current price add to position existing 1`] = `135138`;

exports[`SquadV3Pool gas tests fee is off #mint above current price new position mint first in range 1`] = `255538`;

exports[`SquadV3Pool gas tests fee is off #mint above current price second position in same range 1`] = `152238`;

exports[`SquadV3Pool gas tests fee is off #mint around current price add to position after some time passes 1`] = `180972`;

exports[`SquadV3Pool gas tests fee is off #mint around current price add to position existing 1`] = `170434`;

exports[`SquadV3Pool gas tests fee is off #mint around current price new position mint first in range 1`] = `364624`;

exports[`SquadV3Pool gas tests fee is off #mint around current price second position in same range 1`] = `187534`;

exports[`SquadV3Pool gas tests fee is off #mint below current price add to position after some time passes 1`] = `135945`;

exports[`SquadV3Pool gas tests fee is off #mint below current price add to position existing 1`] = `135945`;

exports[`SquadV3Pool gas tests fee is off #mint below current price new position mint first in range 1`] = `339049`;

exports[`SquadV3Pool gas tests fee is off #mint below current price second position in same range 1`] = `153045`;

exports[`SquadV3Pool gas tests fee is off #poke best case 1`] = `61297`;

exports[`SquadV3Pool gas tests fee is off #snapshotCumulativesInside tick above 1`] = `36162`;

exports[`SquadV3Pool gas tests fee is off #snapshotCumulativesInside tick below 1`] = `36051`;

exports[`SquadV3Pool gas tests fee is off #snapshotCumulativesInside tick inside 1`] = `44971`;

exports[`SquadV3Pool gas tests fee is off #swapExact0For1 first swap in block moves tick, no initialized crossings 1`] = `165406`;

exports[`SquadV3Pool gas tests fee is off #swapExact0For1 first swap in block with no tick movement 1`] = `135781`;

exports[`SquadV3Pool gas tests fee is off #swapExact0For1 first swap in block, large swap crossing a single initialized tick 1`] = `210756`;

exports[`SquadV3Pool gas tests fee is off #swapExact0For1 first swap in block, large swap crossing several initialized ticks 1`] = `315851`;

exports[`SquadV3Pool gas tests fee is off #swapExact0For1 first swap in block, large swap, no initialized crossings 1`] = `202883`;

exports[`SquadV3Pool gas tests fee is off #swapExact0For1 large swap crossing several initialized ticks after some time passes 1`] = `315851`;

exports[`SquadV3Pool gas tests fee is off #swapExact0For1 large swap crossing several initialized ticks second time after some time passes 1`] = `335051`;

exports[`SquadV3Pool gas tests fee is off #swapExact0For1 second swap in block moves tick, no initialized crossings 1`] = `165406`;

exports[`SquadV3Pool gas tests fee is off #swapExact0For1 second swap in block with no tick movement 1`] = `135997`;

exports[`SquadV3Pool gas tests fee is off #swapExact0For1 second swap in block, large swap crossing a single initialized tick 1`] = `184989`;

exports[`SquadV3Pool gas tests fee is off #swapExact0For1 second swap in block, large swap crossing several initialized ticks 1`] = `293973`;

exports[`SquadV3Pool gas tests fee is on #burn above current price burn entire position after some time passes 1`] = `115633`;

exports[`SquadV3Pool gas tests fee is on #burn above current price burn when only position using ticks 1`] = `115633`;

exports[`SquadV3Pool gas tests fee is on #burn above current price entire position burn but other positions are using the ticks 1`] = `115725`;

exports[`SquadV3Pool gas tests fee is on #burn above current price partial position burn 1`] = `120525`;

exports[`SquadV3Pool gas tests fee is on #burn around current price burn entire position after some time passes 1`] = `138526`;

exports[`SquadV3Pool gas tests fee is on #burn around current price burn when only position using ticks 1`] = `130096`;

exports[`SquadV3Pool gas tests fee is on #burn around current price entire position burn but other positions are using the ticks 1`] = `123404`;

exports[`SquadV3Pool gas tests fee is on #burn around current price partial position burn 1`] = `128204`;

exports[`SquadV3Pool gas tests fee is on #burn below current price burn entire position after some time passes 1`] = `124938`;

exports[`SquadV3Pool gas tests fee is on #burn below current price burn when only position using ticks 1`] = `124938`;

exports[`SquadV3Pool gas tests fee is on #burn below current price entire position burn but other positions are using the ticks 1`] = `116156`;

exports[`SquadV3Pool gas tests fee is on #burn below current price partial position burn 1`] = `120956`;

exports[`SquadV3Pool gas tests fee is on #collect close to worst case 1`] = `49156`;

exports[`SquadV3Pool gas tests fee is on #increaseObservationCardinalityNext grow by 1 slot 1`] = `54789`;

exports[`SquadV3Pool gas tests fee is on #increaseObservationCardinalityNext no op 1`] = `28128`;

exports[`SquadV3Pool gas tests fee is on #mint above current price add to position after some time passes 1`] = `135138`;

exports[`SquadV3Pool gas tests fee is on #mint above current price add to position existing 1`] = `135138`;

exports[`SquadV3Pool gas tests fee is on #mint above current price new position mint first in range 1`] = `255538`;

exports[`SquadV3Pool gas tests fee is on #mint above current price second position in same range 1`] = `152238`;

exports[`SquadV3Pool gas tests fee is on #mint around current price add to position after some time passes 1`] = `180972`;

exports[`SquadV3Pool gas tests fee is on #mint around current price add to position existing 1`] = `170434`;

exports[`SquadV3Pool gas tests fee is on #mint around current price new position mint first in range 1`] = `364624`;

exports[`SquadV3Pool gas tests fee is on #mint around current price second position in same range 1`] = `187534`;

exports[`SquadV3Pool gas tests fee is on #mint below current price add to position after some time passes 1`] = `135945`;

exports[`SquadV3Pool gas tests fee is on #mint below current price add to position existing 1`] = `135945`;

exports[`SquadV3Pool gas tests fee is on #mint below current price new position mint first in range 1`] = `339049`;

exports[`SquadV3Pool gas tests fee is on #mint below current price second position in same range 1`] = `153045`;

exports[`SquadV3Pool gas tests fee is on #poke best case 1`] = `61297`;

exports[`SquadV3Pool gas tests fee is on #snapshotCumulativesInside tick above 1`] = `36162`;

exports[`SquadV3Pool gas tests fee is on #snapshotCumulativesInside tick below 1`] = `36051`;

exports[`SquadV3Pool gas tests fee is on #snapshotCumulativesInside tick inside 1`] = `44971`;

exports[`SquadV3Pool gas tests fee is on #swapExact0For1 first swap in block moves tick, no initialized crossings 1`] = `172108`;

exports[`SquadV3Pool gas tests fee is on #swapExact0For1 first swap in block with no tick movement 1`] = `141753`;

exports[`SquadV3Pool gas tests fee is on #swapExact0For1 first swap in block, large swap crossing a single initialized tick 1`] = `218188`;

exports[`SquadV3Pool gas tests fee is on #swapExact0For1 first swap in block, large swap crossing several initialized ticks 1`] = `325473`;

exports[`SquadV3Pool gas tests fee is on #swapExact0For1 first swap in block, large swap, no initialized crossings 1`] = `211045`;

exports[`SquadV3Pool gas tests fee is on #swapExact0For1 large swap crossing several initialized ticks after some time passes 1`] = `325473`;

exports[`SquadV3Pool gas tests fee is on #swapExact0For1 large swap crossing several initialized ticks second time after some time passes 1`] = `344673`;

exports[`SquadV3Pool gas tests fee is on #swapExact0For1 second swap in block moves tick, no initialized crossings 1`] = `172108`;

exports[`SquadV3Pool gas tests fee is on #swapExact0For1 second swap in block with no tick movement 1`] = `141969`;

exports[`SquadV3Pool gas tests fee is on #swapExact0For1 second swap in block, large swap crossing a single initialized tick 1`] = `191691`;

exports[`SquadV3Pool gas tests fee is on #swapExact0For1 second swap in block, large swap crossing several initialized ticks 1`] = `302865`;
