// Jest Snapshot v1, https://goo.gl/fbAQLP

exports[`Base64 #encode gas cost of encode(<some html>) 1`] = `1718`;

exports[`Base64 #encode gas cost of encode(aLpHaBeT) 1`] = `1277`;

exports[`Base64 #encode gas cost of encode(alphabet soup) 1`] = `1748`;

exports[`Base64 #encode gas cost of encode(f) 1`] = `948`;

exports[`Base64 #encode gas cost of encode(fo) 1`] = `959`;

exports[`Base64 #encode gas cost of encode(foo) 1`] = `948`;

exports[`Base64 #encode gas cost of encode(foob) 1`] = `1201`;

exports[`Base64 #encode gas cost of encode(fooba) 1`] = `1212`;

exports[`Base64 #encode gas cost of encode(foobar) 1`] = `1022`;

exports[`Base64 #encode gas cost of encode(includes
newlines) 1`] = `2000`;

exports[`Base64 #encode gas cost of encode(test string) 1`] = `1518`;

exports[`Base64 #encode gas cost of encode(this is a test) 1`] = `1759`;

exports[`Base64 #encode gas cost of encode(this is a very long string that should cost a lot of gas to encode :)) 1`] = `6095`;

exports[`Base64 #encode gas cost of encode(ðŸ˜€) 1`] = `1201`;

exports[`Base64 #encode max size string (24kB) gas cost 1`] = `3731912`;
