// Jest Snapshot v1, https://goo.gl/fbAQLP

exports[`PositionValue #fees when price is above the position range gas 1`] = `49833`;

exports[`PositionValue #fees when price is below the position range gas 1`] = `49801`;

exports[`PositionValue #fees when price is within the position range gas 1`] = `61445`;

exports[`PositionValue #principal gas 1`] = `26841`;

exports[`PositionValue #total gas 1`] = `71963`;
